../Core/Src/main.c:89:6:Quectelon	8	static
../Core/Src/main.c:103:6:logError	16	static
../Core/Src/main.c:122:6:HAL_UART_TxCpltCallback	16	static
../Core/Src/main.c:128:6:HAL_UART_RxCpltCallback	16	static
../Core/Src/main.c:135:11:SIMTransmit	40	static
../Core/Src/main.c:188:5:main	8	static
../Core/Src/main.c:236:6:SystemClock_Config	88	static
../Core/Src/main.c:277:13:MX_USART3_UART_Init	8	static
../Core/Src/main.c:313:13:MX_USART4_UART_Init	8	static
../Core/Src/main.c:349:13:MX_GPIO_Init	48	static
../Core/Src/main.c:381:6:Error_Handler	8	static,ignoring_inline_asm
