../Core/Src/mqtt.c:61:6:hex_to_json	24	static
../Core/Src/mqtt.c:89:6:SIMTransmit	24	static
../Core/Src/mqtt.c:100:6:assignPDPcontext	8	static
../Core/Src/mqtt.c:129:6:uploadcertificate1	24	static
../Core/Src/mqtt.c:154:6:uploadcertificate2	24	static
../Core/Src/mqtt.c:174:6:uploadcertificate3	24	static
../Core/Src/mqtt.c:199:6:checkConnection	16	static
../Core/Src/mqtt.c:240:6:initializeMQTT	24	static
../Core/Src/mqtt.c:269:6:openMQTT	16	static
../Core/Src/mqtt.c:344:6:connectMQTT	16	static
../Core/Src/mqtt.c:368:6:disconnectMQTT	16	static
../Core/Src/mqtt.c:400:6:publishToTopic	16	static
../Core/Src/mqtt.c:426:6:Subscribetotopic	136	static
../Core/Src/mqtt.c:459:6:UnsubscribefromTopic	128	static
../Core/Src/mqtt.c:481:6:receiveMessage	16	static
../Core/Src/mqtt.c:497:6:TransmitDataMqtt	24	static
../Core/Src/mqtt.c:658:6:ReadDataFromFlash	32	static
../Core/Src/mqtt.c:663:6:Extract_Values	24	static
../Core/Src/mqtt.c:670:6:Write_Flash	56	static
