../Core/Src/mqtt.c:53:6:hex_to_json	24	static
../Core/Src/mqtt.c:73:7:add_serial_to_json	16	static
../Core/Src/mqtt.c:86:6:SIMTransmit	24	static
../Core/Src/mqtt.c:98:6:Subscribetotopic	128	static
../Core/Src/mqtt.c:134:6:UnsubscribefromTopic	128	static
../Core/Src/mqtt.c:157:6:receiveMessage	16	static
../Core/Src/mqtt.c:175:6:assignPDPcontext	8	static
../Core/Src/mqtt.c:204:6:Quectelon	8	static
../Core/Src/mqtt.c:225:6:Quecteloff	8	static
../Core/Src/mqtt.c:244:6:uploadcertificate1	24	static
../Core/Src/mqtt.c:269:6:uploadcertificate2	24	static
../Core/Src/mqtt.c:289:6:uploadcertificate3	24	static
../Core/Src/mqtt.c:314:6:checkConnection	16	static
../Core/Src/mqtt.c:355:6:initializeMQTT	24	static
../Core/Src/mqtt.c:384:6:openMQTT	16	static
../Core/Src/mqtt.c:458:6:connectMQTT	16	static
../Core/Src/mqtt.c:482:6:disconnectMQTT	16	static
../Core/Src/mqtt.c:514:6:publishToTopic	16	static
../Core/Src/mqtt.c:540:6:TransmitDataMqtt	24	static
